>>> BaseGeometry = __import__('7-base_geometry').BaseGeometry
>>> length = BaseGeometry()
>>> length.area()
Traceback (most recent call last):
	...
Exception: area() is not implemented
>>> length.integer_validator("length", 2)
>>> length.integer_validator("length", "1")
Traceback (most recent call last):
	...
TypeError: length must be an integer
>>> length.integer_validator("length", 0)
Traceback (most recent call last):
	...
ValueError: length must be greater than 0
>>> length.integer_validator("length", -1)
Traceback (most recent call last):
	...
ValueError: length must be greater than 0
>>> length.integer_validator("length", [1, 2])
Traceback (most recent call last):
	...
TypeError: length must be an integer
>>> length.integer_validator("length", (1, 2))
Traceback (most recent call last):
	...
TypeError: length must be an integer
